

 <GENCASE>  Copyright (c) 2025 by Dr Jose M. Dominguez
 All rights reserved.

 GenCase is a free tool for DualSPHysics simulations.
 DualSPHysics project is an international collaboration between
 University of Vigo (Spain) and University of Manchester (UK).

 Redistribution and use in binary form, without modification, are
 permitted provided that the following conditions are met:
 * Redistributions in binary form must reproduce the above copyright
   notice, this list of conditions and the following disclaimer in the
   documentation and/or other materials provided with the distribution.
 * Redistributions or modifications of source code are not permitted 
   unless expressly authorised, and must retain the above copyright 
   notice, this list of conditions and the following disclaimer.
 * Neither the name of the GenCase nor the names of its contributors
   may be used to endorse or promote products derived from this software
   without specific prior written permission.

 THIS SOFTWARE IS PROVIDED BY THE COPYRIGHT HOLDERS AND CONTRIBUTORS "AS IS"
 AND ANY EXPRESS OR IMPLIED WARRANTIES, INCLUDING, BUT NOT LIMITED TO, THE
 IMPLIED WARRANTIES OF MERCHANTABILITY AND FITNESS FOR A PARTICULAR PURPOSE
 ARE DISCLAIMED. IN NO EVENT SHALL THE COPYRIGHT OWNER BE LIABLE FOR ANY
 DIRECT, INDIRECT, INCIDENTAL, SPECIAL, EXEMPLARY, OR CONSEQUENTIAL DAMAGES
 (INCLUDING, BUT NOT LIMITED TO, PROCUREMENT OF SUBSTITUTE GOODS OR SERVICES;
 LOSS OF USE, DATA, OR PROFITS; OR BUSINESS INTERRUPTION) HOWEVER CAUSED AND
 ON ANY THEORY OF LIABILITY, WHETHER IN CONTRACT, STRICT LIABILITY, OR TORT
 (INCLUDING NEGLIGENCE OR OTHERWISE) ARISING IN ANY WAY OUT OF THE USE OF
 THIS SOFTWARE, EVEN IF ADVISED OF THE POSSIBILITY OF SUCH DAMAGE.


GenCase v5.4.354.01 (07-04-2025)
=================================
OmpThreads: 16

[LoadXMLInit]
List: GeometryForNormals
List: MAIN

Total operations: 15
[LoadXMLInit-End  time:0.005s]

[Draw]
List of available variables: Gravity_x=[0]  Gravity_y=[0]  Gravity_z=[-9.81]  Rhop0=[1000]  VResId=[0]  Dp=[0.002]  PosMin_x=[-1]  PosMin_y=[0]  PosMin_z=[-1]  PosMax_x=[1]  PosMax_y=[0]  PosMax_z=[1]  CaseName=["CaseSloshingHR_Def_from_xml"]  Data2D=[1]  Data2DPosy=[0]  H=[0.004]  MassBound=[0.004]  MassFluid=[0.004]

Mk size: 1 bytes
Case limits: (-1,0,-1) - (1,0,1)
Distance between points (Dp): 0.002
Case domain: (0,0,0)-(999,0,999)
Domain points: 1000 x 1 x 1000 = 1,000,000
Case parts: 1 x 1000z
Memory: 0.00 GiB  0.95 MiB  (1,000,000)

> MAIN
>> GeometryForNormals
FileShapes> hdp_Actual.vtk  shapes:6  points:8   (time:0.003s)
<< GeometryForNormals (6+1+1)
FileDbgDomains> C:\Users\user\Desktop\Jiejiang SPH\DualSPHysicsGPT\CaseSloshingHR_Def_from_xml_out_direct/CaseSloshingHR_Def_from_xml_dbg-fillbox.vtk  domains:1
<MAIN (Operations= 12+3+1 = 16)

Triangles: 60 (0 ignored)
[Draw-End  time:0.014s]

[LoadsXMLConfig]
Execution parameters.
Initials configuration.
Floating bodies configuration.
Properties configuration.
Predefined motion configuration.
[LoadsXMLConfig-End  time:0.001s]

[PreparePoints]
Computing Vtk-Cells data...  (time:0.005s)
BitSizeTot: 20 (1 + 9+1+9)
Points loaded: 26,791
Sorting points by Z...
Sorting points by Mk...
Computing Grid-points...  (time:0.003s)

List of Points:
Points -> Moving-Boundary particles:
  block[  0] (mk: 10):   5688  -->    5688
Points -> Fluid particles:
  block[  1] (mk:  1):  21103  -->   21103

Particle summary:
  Fixed....: 0
  Moving...: 5,688  id:(0-5687)   MKs:1 (10)
  Floating.: 0
  Fluid....: 21,103  id:(5688-26790)   MKs:1 (1)

Total particles: 26,791 (bound=5688 (fx=0 mv=5688 ft=0) fluid=21103)
Total MK blocks: 2 (bound=1 (fx=0 mv=1 ft=0) fluid=1)

Maximum depth: 0.092 (automatic)
Speed of system: 0.950011 (automatic)
Speed of sound: max(coefsound*speedsystem,10*sqrt(g*depth))
Speed of sound: 28.5003 max(28.5003,9.50011)
Speed of sound: 28.5003 (automatic)

Coefh:1.414214 (hdp:2.000000)

[PreparePoints-End  time:0.010s]

[SaveCase2D]
C:\Users\user\Desktop\Jiejiang SPH\DualSPHysicsGPT\CaseSloshingHR_Def_from_xml_out_direct/CaseSloshingHR_Def_from_xml_MkCells.vtk  (time:0.001s, shapes:5, points:20)
C:\Users\user\Desktop\Jiejiang SPH\DualSPHysicsGPT\CaseSloshingHR_Def_from_xml_out_direct/CaseSloshingHR_Def_from_xml.bi4<double>  (time:0.002s)
C:\Users\user\Desktop\Jiejiang SPH\DualSPHysicsGPT\CaseSloshingHR_Def_from_xml_out_direct/CaseSloshingHR_Def_from_xml_All.vtk  (time: 0.003s)
C:\Users\user\Desktop\Jiejiang SPH\DualSPHysicsGPT\CaseSloshingHR_Def_from_xml_out_direct/CaseSloshingHR_Def_from_xml_Bound.vtk  (time: 0.002s)
C:\Users\user\Desktop\Jiejiang SPH\DualSPHysicsGPT\CaseSloshingHR_Def_from_xml_out_direct/CaseSloshingHR_Def_from_xml_Fluid.vtk  (time: 0.003s)
C:\Users\user\Desktop\Jiejiang SPH\DualSPHysicsGPT\CaseSloshingHR_Def_from_xml_out_direct/CaseSloshingHR_Def_from_xml.xml  (time:0.031s)
 
  Evaluating 5,688 particles with 6 shapes (distance 2x H = 0.008).
  Time for computing 5,752 normals: 0.003s   Max.Memory: 2.65 MiB
  Non-zero particle normals: 5,688/5,688    Normals size range: (0.001000 - 0.009899).
  Final zero normals: 0/5,688 (0.0%)   Maximum normal: 0.00989949 (2.47 x h)

*** WARNING: File 'SloshingMotionData.dat' not found to copy.
*** C:\Users\user\Desktop\Jiejiang SPH\DualSPHysicsGPT\CaseSloshingHR_Def_from_xml_out_direct/CaseSloshingHR_Def_from_xml.xml(row:142)


*** WARNING: File 'SloshingMotionData.dat' not found to copy.
*** C:\Users\user\Desktop\Jiejiang SPH\DualSPHysicsGPT\CaseSloshingHR_Def_from_xml_out_direct/CaseSloshingHR_Def_from_xml.xml(row:62)


Save files time: 0.052s

Particle limits:
  X range: -0.456 to 0.456 [m]
  Y range: 0 to 0 [m]
  Z range: -0.006 to 0.516 [m]

[SaveCase2D-End  time:0.056s]

[WARNINGS]
1. File 'SloshingMotionData.dat' not found to copy.
*** C:\Users\user\Desktop\Jiejiang SPH\DualSPHysicsGPT\CaseSloshingHR_Def_from_xml_out_direct/CaseSloshingHR_Def_from_xml.xml(row:142)
2. File 'SloshingMotionData.dat' not found to copy.
*** C:\Users\user\Desktop\Jiejiang SPH\DualSPHysicsGPT\CaseSloshingHR_Def_from_xml_out_direct/CaseSloshingHR_Def_from_xml.xml(row:62)

Time of execution: 0.087 sec. (16 threads)

Finished execution (code=0).

